[    0.000000] Linux version 4.15.0-189-generic (buildd@lcy02-amd64-039) (gcc version 7.5.0 (Ubuntu 7.5.0-3ubuntu1~18.04)) #200-Ubuntu SMP Wed Jun 22 19:53:37 UTC 2022 (Ubuntu 4.15.0-189.200-generic 4.15.18)
[    0.000000] Command line: BOOT_IMAGE=/boot/vmlinuz-4.15.0-189-generic root=UUID=219f9d34-3882-4f8e-be55-69e967f6d1bd ro console=tty1 console=ttyS0
[    0.000000] KERNEL supported cpus:
[    0.000000]   Intel GenuineIntel
[    0.000000]   AMD AuthenticAMD
[    0.000000]   Centaur CentaurHauls
[    0.000000] x86/fpu: Supporting XSAVE feature 0x001: 'x87 floating point registers'
[    0.000000] x86/fpu: Supporting XSAVE feature 0x002: 'SSE registers'
[    0.000000] x86/fpu: Supporting XSAVE feature 0x004: 'AVX registers'
[    0.000000] x86/fpu: xstate_offset[2]:  576, xstate_sizes[2]:  256
[    0.000000] x86/fpu: Enabled xstate features 0x7, context size is 832 bytes, using 'standard' format.
[    0.000000] e820: BIOS-provided physical RAM map:
[    0.000000] BIOS-e820: [mem 0x0000000000000000-0x000000000009fbff] usable
[    0.000000] BIOS-e820: [mem 0x000000000009fc00-0x000000000009ffff] reserved
[    0.000000] BIOS-e820: [mem 0x00000000000f0000-0x00000000000fffff] reserved
[    0.000000] BIOS-e820: [mem 0x0000000000100000-0x000000007ffeffff] usable
[    0.000000] BIOS-e820: [mem 0x000000007fff0000-0x000000007fffffff] ACPI data
[    0.000000] BIOS-e820: [mem 0x00000000fec00000-0x00000000fec00fff] reserved
[    0.000000] BIOS-e820: [mem 0x00000000fee00000-0x00000000fee00fff] reserved
[    0.000000] BIOS-e820: [mem 0x00000000fffc0000-0x00000000ffffffff] reserved
[    0.000000] NX (Execute Disable) protection: active
[    0.000000] SMBIOS 2.5 present.
[    0.000000] DMI: innotek GmbH VirtualBox/VirtualBox, BIOS VirtualBox 12/01/2006
[    0.000000] Hypervisor detected: KVM
[    0.000000] e820: last_pfn = 0x7fff0 max_arch_pfn = 0x400000000
[    0.000000] MTRR: Disabled
[    0.000000] x86/PAT: MTRRs disabled, skipping PAT initialization too.
[    0.000000] CPU MTRRs all blank - virtualized system.
[    0.000000] x86/PAT: Configuration [0-7]: WB  WT  UC- UC  WB  WT  UC- UC  
[    0.000000] found SMP MP-table at [mem 0x0009fff0-0x0009ffff]
[    0.000000] Scanning 1 areas for low memory corruption
[    0.000000] RAMDISK: [mem 0x3581b000-0x36c04fff]
[    0.000000] ACPI: Early table checksum verification disabled
[    0.000000] ACPI: RSDP 0x00000000000E0000 000024 (v02 VBOX  )
[    0.000000] ACPI: XSDT 0x000000007FFF0030 00003C (v01 VBOX   VBOXXSDT 00000001 ASL  00000061)
[    0.000000] ACPI: FACP 0x000000007FFF00F0 0000F4 (v04 VBOX   VBOXFACP 00000001 ASL  00000061)
[    0.000000] ACPI: DSDT 0x000000007FFF0470 002325 (v02 VBOX   VBOXBIOS 00000002 INTL 20100528)
[    0.000000] ACPI: FACS 0x000000007FFF0200 000040
[    0.000000] ACPI: FACS 0x000000007FFF0200 000040
[    0.000000] ACPI: APIC 0x000000007FFF0240 00005C (v02 VBOX   VBOXAPIC 00000001 ASL  00000061)
[    0.000000] ACPI: SSDT 0x000000007FFF02A0 0001CC (v01 VBOX   VBOXCPUT 00000002 INTL 20100528)
[    0.000000] ACPI: Reserving FACP table memory at [mem 0x7fff00f0-0x7fff01e3]
[    0.000000] ACPI: Reserving DSDT table memory at [mem 0x7fff0470-0x7fff2794]
[    0.000000] ACPI: Reserving FACS table memory at [mem 0x7fff0200-0x7fff023f]
[    0.000000] ACPI: Reserving FACS table memory at [mem 0x7fff0200-0x7fff023f]
[    0.000000] ACPI: Reserving APIC table memory at [mem 0x7fff0240-0x7fff029b]
[    0.000000] ACPI: Reserving SSDT table memory at [mem 0x7fff02a0-0x7fff046b]
[    0.000000] No NUMA configuration found
[    0.000000] Faking a node at [mem 0x0000000000000000-0x000000007ffeffff]
[    0.000000] NODE_DATA(0) allocated [mem 0x7ffc5000-0x7ffeffff]
[    0.000000] kvm-clock: cpu 0, msr 0:7ff44001, primary cpu clock
[    0.000000] kvm-clock: Using msrs 4b564d01 and 4b564d00
[    0.000000] kvm-clock: using sched offset of 3447241031 cycles
[    0.000000] clocksource: kvm-clock: mask: 0xffffffffffffffff max_cycles: 0x1cd42e4dffb, max_idle_ns: 881590591483 ns
[    0.000000] Zone ranges:
[    0.000000]   DMA      [mem 0x0000000000001000-0x0000000000ffffff]
[    0.000000]   DMA32    [mem 0x0000000001000000-0x000000007ffeffff]
[    0.000000]   Normal   empty
[    0.000000]   Device   empty
[    0.000000] Movable zone start for each node
[    0.000000] Early memory node ranges
[    0.000000]   node   0: [mem 0x0000000000001000-0x000000000009efff]
[    0.000000]   node   0: [mem 0x0000000000100000-0x000000007ffeffff]
[    0.000000] Reserved but unavailable: 104 pages
[    0.000000] Initmem setup node 0 [mem 0x0000000000001000-0x000000007ffeffff]
[    0.000000] ACPI: PM-Timer IO Port: 0x4008
[    0.000000] IOAPIC[0]: apic_id 2, version 32, address 0xfec00000, GSI 0-23
[    0.000000] ACPI: INT_SRC_OVR (bus 0 bus_irq 0 global_irq 2 dfl dfl)
[    0.000000] ACPI: INT_SRC_OVR (bus 0 bus_irq 9 global_irq 9 low level)
[    0.000000] Using ACPI (MADT) for SMP configuration information
[    0.000000] smpboot: Allowing 2 CPUs, 0 hotplug CPUs
[    0.000000] PM: Registered nosave memory: [mem 0x00000000-0x00000fff]
[    0.000000] PM: Registered nosave memory: [mem 0x0009f000-0x0009ffff]
[    0.000000] PM: Registered nosave memory: [mem 0x000a0000-0x000effff]
[    0.000000] PM: Registered nosave memory: [mem 0x000f0000-0x000fffff]
[    0.000000] e820: [mem 0x80000000-0xfebfffff] available for PCI devices
[    0.000000] Booting paravirtualized kernel on KVM
[    0.000000] clocksource: refined-jiffies: mask: 0xffffffff max_cycles: 0xffffffff, max_idle_ns: 7645519600211568 ns
[    0.000000] random: get_random_bytes called from start_kernel+0x99/0x500 with crng_init=0
[    0.000000] setup_percpu: NR_CPUS:8192 nr_cpumask_bits:2 nr_cpu_ids:2 nr_node_ids:1
[    0.000000] percpu: Embedded 50 pages/cpu s167936 r8192 d28672 u1048576
[    0.000000] PV qspinlock hash table entries: 256 (order: 0, 4096 bytes)
[    0.000000] Built 1 zonelists, mobility grouping on.  Total pages: 515961
[    0.000000] Policy zone: DMA32
[    0.000000] Kernel command line: BOOT_IMAGE=/boot/vmlinuz-4.15.0-189-generic root=UUID=219f9d34-3882-4f8e-be55-69e967f6d1bd ro console=tty1 console=ttyS0
[    0.000000] Memory: 2013976K/2096696K available (12300K kernel code, 2484K rwdata, 4324K rodata, 2468K init, 2724K bss, 82720K reserved, 0K cma-reserved)
[    0.000000] SLUB: HWalign=64, Order=0-3, MinObjects=0, CPUs=2, Nodes=1
[    0.000000] ftrace: allocating 39515 entries in 155 pages
[    0.004000] Hierarchical RCU implementation.
[    0.004000] 	RCU restricting CPUs from NR_CPUS=8192 to nr_cpu_ids=2.
[    0.004000] 	Tasks RCU enabled.
[    0.004000] RCU: Adjusting geometry for rcu_fanout_leaf=16, nr_cpu_ids=2
[    0.004000] NR_IRQS: 524544, nr_irqs: 440, preallocated irqs: 16
[    0.004000] Console: colour VGA+ 80x25
[    0.004000] console [tty1] enabled
[    0.004000] console [ttyS0] enabled
[    0.004000] ACPI: Core revision 20170831
[    0.004000] ACPI: 2 ACPI AML tables successfully acquired and loaded
[    0.004000] APIC: Switch to symmetric I/O mode setup
[    0.004000] x2apic enabled
[    0.004000] Switched APIC routing to physical x2apic.
[    0.004000] ..TIMER: vector=0x30 apic1=0 pin1=2 apic2=-1 pin2=-1
[    0.004000] tsc: Detected 2904.002 MHz processor
[    0.004008] Calibrating delay loop (skipped) preset value.. 5808.00 BogoMIPS (lpj=11616008)
[    0.005090] pid_max: default: 32768 minimum: 301
[    0.005708] Security Framework initialized
[    0.006245] Yama: becoming mindful.
[    0.006724] AppArmor: AppArmor initialized
[    0.008082] Dentry cache hash table entries: 262144 (order: 9, 2097152 bytes)
[    0.011052] Inode-cache hash table entries: 131072 (order: 8, 1048576 bytes)
[    0.012887] Mount-cache hash table entries: 4096 (order: 3, 32768 bytes)
[    0.013724] Mountpoint-cache hash table entries: 4096 (order: 3, 32768 bytes)
[    0.014806] Last level iTLB entries: 4KB 64, 2MB 8, 4MB 8
[    0.016002] Last level dTLB entries: 4KB 64, 2MB 0, 4MB 0, 1GB 4
[    0.016750] Spectre V1 : Mitigation: usercopy/swapgs barriers and __user pointer sanitization
[    0.017882] Spectre V2 : Mitigation: Retpolines
[    0.018466] Spectre V2 : Spectre v2 / SpectreRSB mitigation: Filling RSB on context switch
[    0.019583] Speculative Store Bypass: Vulnerable
[    0.020045] MMIO Stale Data: Mitigation: Clear CPU buffers
[    0.020742] SRBDS: Unknown: Dependent on hypervisor status
[    0.021567] Freeing SMP alternatives memory: 36K
[    0.131886] smpboot: CPU0: Intel(R) Core(TM) i7-10700 CPU @ 2.90GHz (family: 0x6, model: 0xa5, stepping: 0x5)
[    0.132000] Performance Events: unsupported p6 CPU model 165 no PMU driver, software events only.
[    0.132000] Hierarchical SRCU implementation.
[    0.132000] NMI watchdog: Perf event create on CPU 0 failed with -2
[    0.132002] NMI watchdog: Perf NMI watchdog permanently disabled
[    0.132800] smp: Bringing up secondary CPUs ...
[    0.133446] x86: Booting SMP configuration:
[    0.134007] .... node  #0, CPUs:      #1
[    0.004000] kvm-clock: cpu 1, msr 0:7ff44041, secondary cpu clock
[    0.136018] smp: Brought up 1 node, 2 CPUs
[    0.136557] smpboot: Max logical packages: 1
[    0.137127] smpboot: Total of 2 processors activated (11616.00 BogoMIPS)
[    0.140050] devtmpfs: initialized
[    0.140537] x86/mm: Memory block size: 128MB
[    0.141235] evm: security.selinux
[    0.141691] evm: security.SMACK64
[    0.141691] evm: security.SMACK64EXEC
[    0.141691] evm: security.SMACK64TRANSMUTE
[    0.141691] evm: security.SMACK64MMAP
[    0.141691] evm: security.apparmor
[    0.142097] evm: security.ima
[    0.142569] evm: security.capability
[    0.144057] clocksource: jiffies: mask: 0xffffffff max_cycles: 0xffffffff, max_idle_ns: 7645041785100000 ns
[    0.144057] futex hash table entries: 512 (order: 3, 32768 bytes)
[    0.144814] pinctrl core: initialized pinctrl subsystem
[    0.148001] RTC time:  5:10:12, date: 07/23/22
[    0.148001] NET: Registered protocol family 16
[    0.148061] audit: initializing netlink subsys (disabled)
[    0.148762] audit: type=2000 audit(1658553017.339:1): state=initialized audit_enabled=0 res=1
[    0.152006] cpuidle: using governor ladder
[    0.152006] cpuidle: using governor menu
[    0.152006] ACPI: bus type PCI registered
[    0.152006] acpiphp: ACPI Hot Plug PCI Controller Driver version: 0.5
[    0.152074] PCI: Using configuration type 1 for base access
[    0.156018] HugeTLB registered 2.00 MiB page size, pre-allocated 0 pages
[    0.156870] ACPI: Added _OSI(Module Device)
[    0.156870] ACPI: Added _OSI(Processor Device)
[    0.160002] ACPI: Added _OSI(3.0 _SCP Extensions)
[    0.160002] ACPI: Added _OSI(Processor Aggregator Device)
[    0.160002] ACPI: Added _OSI(Linux-Dell-Video)
[    0.160003] ACPI: Added _OSI(Linux-Lenovo-NV-HDMI-Audio)
[    0.160689] ACPI: Added _OSI(Linux-HPI-Hybrid-Graphics)
[    0.161586] ACPI: Executed 1 blocks of module-level executable AML code
[    0.165090] ACPI: Interpreter enabled
[    0.165599] ACPI: (supports S0 S5)
[    0.166075] ACPI: Using IOAPIC for interrupt routing
[    0.166885] PCI: Using host bridge windows from ACPI; if necessary, use "pci=nocrs" and report a bug
[    0.168000] ACPI: Enabled 2 GPEs in block 00 to 07
[    0.172719] ACPI: PCI Root Bridge [PCI0] (domain 0000 [bus 00-ff])
[    0.173519] acpi PNP0A03:00: _OSC: OS supports [ASPM ClockPM Segments MSI]
[    0.174708] acpi PNP0A03:00: _OSC: not requesting OS control; OS requires [ExtendedConfig ASPM ClockPM MSI]
[    0.175944] acpi PNP0A03:00: fail to add MMCONFIG information, can't access extended PCI configuration space under this bridge.
[    0.176294] PCI host bridge to bus 0000:00
[    0.176843] pci_bus 0000:00: root bus resource [io  0x0000-0x0cf7 window]
[    0.177901] pci_bus 0000:00: root bus resource [io  0x0d00-0xffff window]
[    0.180004] pci_bus 0000:00: root bus resource [mem 0x000a0000-0x000bffff window]
[    0.180973] pci_bus 0000:00: root bus resource [mem 0x80000000-0xfdffffff window]
[    0.182380] pci_bus 0000:00: root bus resource [bus 00-ff]
[    0.185063] pci 0000:00:01.1: legacy IDE quirk: reg 0x10: [io  0x01f0-0x01f7]
[    0.185965] pci 0000:00:01.1: legacy IDE quirk: reg 0x14: [io  0x03f6]
[    0.186947] pci 0000:00:01.1: legacy IDE quirk: reg 0x18: [io  0x0170-0x0177]
[    0.187852] pci 0000:00:01.1: legacy IDE quirk: reg 0x1c: [io  0x0376]
[    0.200822] pci 0000:00:07.0: quirk: [io  0x4000-0x403f] claimed by PIIX4 ACPI
[    0.201847] pci 0000:00:07.0: quirk: [io  0x4100-0x410f] claimed by PIIX4 SMB
[    0.208128] ACPI: PCI Interrupt Link [LNKA] (IRQs 5 9 10 *11)
[    0.209113] ACPI: PCI Interrupt Link [LNKB] (IRQs 5 9 *10 11)
[    0.209931] ACPI: PCI Interrupt Link [LNKC] (IRQs 5 *9 10 11)
[    0.210745] ACPI: PCI Interrupt Link [LNKD] (IRQs 5 9 10 *11)
[    0.211739] SCSI subsystem initialized
[    0.212057] pci 0000:00:02.0: vgaarb: setting as boot VGA device
[    0.212836] pci 0000:00:02.0: vgaarb: VGA device added: decodes=io+mem,owns=io+mem,locks=none
[    0.213924] pci 0000:00:02.0: vgaarb: bridge control possible
[    0.214676] vgaarb: loaded
[    0.215097] ACPI: bus type USB registered
[    0.215688] usbcore: registered new interface driver usbfs
[    0.216019] usbcore: registered new interface driver hub
[    0.216709] usbcore: registered new device driver usb
[    0.217407] EDAC MC: Ver: 3.0.0
[    0.220025] PCI: Using ACPI for IRQ routing
[    0.220780] NetLabel: Initializing
[    0.221243] NetLabel:  domain hash size = 128
[    0.221243] NetLabel:  protocols = UNLABELED CIPSOv4 CALIPSO
[    0.221243] NetLabel:  unlabeled traffic allowed by default
[    0.224057] clocksource: Switched to clocksource kvm-clock
[    0.237789] VFS: Disk quotas dquot_6.6.0
[    0.238351] VFS: Dquot-cache hash table entries: 512 (order 0, 4096 bytes)
[    0.239355] AppArmor: AppArmor Filesystem Enabled
[    0.240114] pnp: PnP ACPI init
[    0.241271] pnp: PnP ACPI: found 3 devices
[    0.246958] clocksource: acpi_pm: mask: 0xffffff max_cycles: 0xffffff, max_idle_ns: 2085701024 ns
[    0.248168] NET: Registered protocol family 2
[    0.248843] IP idents hash table entries: 32768 (order: 6, 262144 bytes)
[    0.250059] TCP established hash table entries: 16384 (order: 5, 131072 bytes)
[    0.251045] TCP bind hash table entries: 16384 (order: 6, 262144 bytes)
[    0.253967] TCP: Hash tables configured (established 16384 bind 16384)
[    0.254851] UDP hash table entries: 1024 (order: 3, 32768 bytes)
[    0.255644] UDP-Lite hash table entries: 1024 (order: 3, 32768 bytes)
[    0.256517] NET: Registered protocol family 1
[    0.257206] pci 0000:00:00.0: Limiting direct PCI/PCI transfers
[    0.257987] pci 0000:00:01.0: Activating ISA DMA hang workarounds
[    0.258806] pci 0000:00:02.0: Video device with shadowed ROM at [mem 0x000c0000-0x000dffff]
[    0.259960] Unpacking initramfs...
[    0.524236] Freeing initrd memory: 20392K
[    0.524858] clocksource: tsc: mask: 0xffffffffffffffff max_cycles: 0x29dc079b5d9, max_idle_ns: 440795223751 ns
[    0.526649] platform rtc_cmos: registered platform RTC device (no PNP device found)
[    0.527784] Scanning for low memory corruption every 60 seconds
[    0.529522] Initialise system trusted keyrings
[    0.530316] Key type blacklist registered
[    0.531199] workingset: timestamp_bits=36 max_order=19 bucket_order=0
[    0.533549] zbud: loaded
[    0.534478] squashfs: version 4.0 (2009/01/31) Phillip Lougher
[    0.535763] fuse init (API version 7.26)
[    0.538888] Key type asymmetric registered
[    0.539439] Asymmetric key parser 'x509' registered
[    0.540095] Block layer SCSI generic (bsg) driver version 0.4 loaded (major 246)
[    0.541176] io scheduler noop registered
[    0.541709] io scheduler deadline registered
[    0.542296] io scheduler cfq registered (default)
[    0.543338] ACPI: AC Adapter [AC] (on-line)
[    0.543932] input: Power Button as /devices/LNXSYSTM:00/LNXPWRBN:00/input/input0
[    0.545048] ACPI: Power Button [PWRF]
[    0.545623] input: Sleep Button as /devices/LNXSYSTM:00/LNXSLPBN:00/input/input1
[    0.546585] ACPI: Sleep Button [SLPF]
[    0.547358] Serial: 8250/16550 driver, 32 ports, IRQ sharing enabled
[    0.547864] ACPI: Battery Slot [BAT0] (battery present)
[    0.569147] 00:02: ttyS0 at I/O 0x3f8 (irq = 4, base_baud = 115200) is a 16550A
[    0.570989] Linux agpgart interface v0.103
[    0.574504] loop: module loaded
[    0.575396] scsi host0: ata_piix
[    0.576023] scsi host1: ata_piix
[    0.576489] ata1: PATA max UDMA/33 cmd 0x1f0 ctl 0x3f6 bmdma 0xd000 irq 14
[    0.577354] ata2: PATA max UDMA/33 cmd 0x170 ctl 0x376 bmdma 0xd008 irq 15
[    0.578449] tun: Universal TUN/TAP device driver, 1.6
[    0.579146] PPP generic driver version 2.4.2
[    0.579742] ehci_hcd: USB 2.0 'Enhanced' Host Controller (EHCI) Driver
[    0.580603] ehci-pci: EHCI PCI platform driver
[    0.581204] ehci-platform: EHCI generic platform driver
[    0.581895] ohci_hcd: USB 1.1 'Open' Host Controller (OHCI) Driver
[    0.582791] ohci-pci: OHCI PCI platform driver
[    0.583401] ohci-platform: OHCI generic platform driver
[    0.584093] uhci_hcd: USB Universal Host Controller Interface driver
[    0.585006] i8042: PNP: PS/2 Controller [PNP0303:PS2K,PNP0f03:PS2M] at 0x60,0x64 irq 1,12
[    0.586494] serio: i8042 KBD port at 0x60,0x64 irq 1
[    0.587163] serio: i8042 AUX port at 0x60,0x64 irq 12
[    0.587974] mousedev: PS/2 mouse device common for all mice
[    0.588913] input: AT Translated Set 2 keyboard as /devices/platform/i8042/serio0/input/input2
[    0.590285] rtc_cmos rtc_cmos: rtc core: registered rtc_cmos as rtc0
[    0.591154] rtc_cmos rtc_cmos: alarms up to one day, 114 bytes nvram
[    0.591985] i2c /dev entries driver
[    0.592526] device-mapper: uevent: version 1.0.3
[    0.593175] device-mapper: ioctl: 4.37.0-ioctl (2017-09-20) initialised: dm-devel@redhat.com
[    0.594316] ledtrig-cpu: registered to indicate activity on CPUs
[    0.595399] NET: Registered protocol family 10
[    0.598614] Segment Routing with IPv6
[    0.599180] NET: Registered protocol family 17
[    0.599829] Key type dns_resolver registered
[    0.600556] mce: Using 0 MCE banks
[    0.601066] RAS: Correctable Errors collector initialized.
[    0.601825] sched_clock: Marking stable (600498373, 0)->(742354469, -141856096)
[    0.603046] registered taskstats version 1
[    0.603706] Loading compiled-in X.509 certificates
[    0.606237] Loaded X.509 cert 'Build time autogenerated kernel key: 9c4811ffd453f4b0c13447eb15d717d926dfaff5'
[    0.608196] Loaded X.509 cert 'Canonical Ltd. Live Patch Signing: 14df34d1a87cf37625abec039ef2bf521249b969'
[    0.610381] Loaded X.509 cert 'Canonical Ltd. Kernel Module Signing: 88f752e560a1e0737e31163a466ad7b70a850c19'
[    0.612049] blacklist: Loading compiled-in revocation X.509 certificates
[    0.613271] Loaded X.509 cert 'Canonical Ltd. Secure Boot Signing: 61482aa2830d0ab2ad5af10b7250da9033ddcef0'
[    0.614814] zswap: loaded using pool lzo/zbud
[    0.618692] Key type big_key registered
[    0.619382] Key type trusted registered
[    0.621422] Key type encrypted registered
[    0.622083] AppArmor: AppArmor sha1 policy hashing enabled
[    0.622983] ima: No TPM chip found, activating TPM-bypass! (rc=-19)
[    0.623938] ima: Allocated hash algorithm: sha1
[    0.624684] evm: HMAC attrs: 0x1
[    0.625437]   Magic number: 14:877:163
[    0.626152] rtc_cmos rtc_cmos: setting system clock to 2022-07-23 05:10:13 UTC (1658553013)
[    0.627607] BIOS EDD facility v0.16 2004-Jun-25, 0 devices found
[    0.628613] EDD information not available.
[    0.761113] Freeing unused kernel image memory: 2468K
[    0.772723] Write protecting the kernel read-only data: 20480k
[    0.773868] Freeing unused kernel image memory: 2008K
[    0.774739] Freeing unused kernel image memory: 1820K
[    0.781125] x86/mm: Checked W+X mappings: passed, no W+X pages found.
Loading, please wait...
starting version 237
[    0.821797] e1000: Intel(R) PRO/1000 Network Driver - version 7.3.21-k8-NAPI
[    0.822736] e1000: Copyright (c) 1999-2006 Intel Corporation.
[    0.826009] Fusion MPT base driver 3.04.20
[    0.826608] Copyright (c) 1999-2008 LSI Corporation
[    0.830860] Fusion MPT SPI Host driver 3.04.20
[    0.842984] AVX2 version of gcm_enc/dec engaged.
[    0.843824] AES CTR mode by8 optimization enabled
[    1.033110] input: ImExPS/2 Generic Explorer Mouse as /devices/platform/i8042/serio1/input/input4
[    1.211363] e1000 0000:00:03.0 eth0: (PCI:33MHz:32-bit) 02:d6:f9:d9:5c:45
[    1.212267] e1000 0000:00:03.0 eth0: Intel(R) PRO/1000 Network Connection
[    1.213929] mptbase: ioc0: Initiating bringup
[    1.214905] e1000 0000:00:03.0 enp0s3: renamed from eth0
[    1.593694] ioc0: LSI53C1030 A0: Capabilities={Initiator}
[    4.159985] scsi host2: ioc0: LSI53C1030 A0, FwRev=00000000h, Ports=1, MaxQ=256, IRQ=20
[    6.401560] scsi 2:0:0:0: Direct-Access     VBOX     HARDDISK         1.0  PQ: 0 ANSI: 5
[    6.550674] scsi target2:0:0: Beginning Domain Validation
[    6.551916] scsi target2:0:0: Domain Validation skipping write tests
[    6.552769] scsi target2:0:0: Ending Domain Validation
[    6.553464] scsi target2:0:0: asynchronous
[    6.554230] scsi 2:0:1:0: Direct-Access     VBOX     HARDDISK         1.0  PQ: 0 ANSI: 5
[    7.395895] scsi target2:0:1: Beginning Domain Validation
[    7.397749] random: fast init done
[    7.398290] scsi target2:0:1: Domain Validation skipping write tests
[    7.399131] scsi target2:0:1: Ending Domain Validation
[    7.399827] scsi target2:0:1: asynchronous
[    7.402436] random: systemd-udevd: uninitialized urandom read (16 bytes read)
[    7.403355] random: systemd-udevd: uninitialized urandom read (16 bytes read)
[    7.404288] random: systemd-udevd: uninitialized urandom read (16 bytes read)
[    7.405489] sd 2:0:0:0: [sda] 83886080 512-byte logical blocks: (42.9 GB/40.0 GiB)
[    7.406927] sd 2:0:0:0: [sda] Write Protect is off
[    7.407701] sd 2:0:0:0: [sda] Incomplete mode parameter data
[    7.408448] sd 2:0:0:0: [sda] Assuming drive cache: write through
[    7.409522] sd 2:0:0:0: Attached scsi generic sg0 type 0
[    7.410830] sd 2:0:1:0: [sdb] 20480 512-byte logical blocks: (10.5 MB/10.0 MiB)
[    7.411847] sd 2:0:1:0: [sdb] Write Protect is off
[    7.412552]  sda: sda1
[    7.413018] sd 2:0:1:0: [sdb] Incomplete mode parameter data
[    7.413767] sd 2:0:1:0: [sdb] Assuming drive cache: write through
[    7.414694] sd 2:0:1:0: Attached scsi generic sg1 type 0
[    7.415430] sd 2:0:0:0: [sda] Attached SCSI disk
[    7.417291] sd 2:0:1:0: [sdb] Attached SCSI disk
Begin: Loading essential drivers ... [    8.756060] raid6: sse2x1   gen() 15544 MB/s
[    8.804064] raid6: sse2x1   xor()  9132 MB/s
[    8.852052] raid6: sse2x2   gen() 18066 MB/s
[    8.900067] raid6: sse2x2   xor() 12358 MB/s
[    8.948050] raid6: sse2x4   gen() 19532 MB/s
[    8.996036] raid6: sse2x4   xor() 12020 MB/s
[    9.044056] raid6: avx2x1   gen() 31310 MB/s
[    9.092052] raid6: avx2x1   xor() 18255 MB/s
[    9.140049] raid6: avx2x2   gen() 36443 MB/s
[    9.188029] raid6: avx2x2   xor() 23752 MB/s
[    9.236061] raid6: avx2x4   gen() 36315 MB/s
[    9.284047] raid6: avx2x4   xor() 23149 MB/s
[    9.284651] raid6: using algorithm avx2x2 gen() 36443 MB/s
[    9.285397] raid6: .... xor() 23752 MB/s, rmw enabled
[    9.286072] raid6: using avx2x2 recovery algorithm
[    9.287397] xor: automatically using best checksumming function   avx       
[    9.288942] async_tx: api initialized (async)
done.
Begin: Running /scripts/init-premount ... done.
Begin: Mounting root file system ... Begin: Running /scripts/local-top ... done.
Begin: Running /scripts/local-premount ... [    9.320786] Btrfs loaded, crc32c=crc32c-intel
Scanning for Btrfs filesystems
done.
Begin: Will now check root file system ... fsck from util-linux 2.31.1
[/sbin/fsck.ext4 (1) -- /dev/sda1] fsck.ext4 -a -C0 /dev/sda1 
cloudimg-rootfs: clean, 123822/5120000 files, 990466/10485499 blocks
done.
[    9.350793] EXT4-fs (sda1): mounted filesystem with ordered data mode. Opts: (null)
done.
Begin: Running /scripts/local-bottom ... done.
Begin: Running /scripts/init-bottom ... done.
[    9.469966] ip_tables: (C) 2000-2006 Netfilter Core Team
[    9.476128] systemd[1]: systemd 237 running in system mode. (+PAM +AUDIT +SELINUX +IMA +APPARMOR +SMACK +SYSVINIT +UTMP +LIBCRYPTSETUP +GCRYPT +GNUTLS +ACL +XZ +LZ4 +SECCOMP +BLKID +ELFUTILS +KMOD -IDN2 +IDN -PCRE2 default-hierarchy=hybrid)
[    9.478940] systemd[1]: Detected virtualization oracle.
[    9.479617] systemd[1]: Detected architecture x86-64.

Welcome to [1mUbuntu 18.04.6 LTS[0m!

[    9.483480] systemd[1]: Set hostname to <ubuntu-bionic>.
[    9.676777] systemd[1]: Set up automount Arbitrary Executable File Formats File System Automount Point.
[[0;32m  OK  [0m] Set up automount Arbitrary Executabâ€¦rmats File System Automount Point.
[    9.678734] systemd[1]: Started Forward Password Requests to Wall Directory Watch.
[[0;32m  OK  [0m] Started Forward Password Requests to Wall Directory Watch.
[    9.680374] systemd[1]: Reached target System Time Synchronized.
[[0;32m  OK  [0m] Reached target System Time Synchronized.
[    9.682723] systemd[1]: Created slice System Slice.
[[0;32m  OK  [0m] Created slice System Slice.
[    9.683895] systemd[1]: Listening on Journal Audit Socket.
[[0;32m  OK  [0m] Listening on Journal Audit Socket.
[    9.685123] systemd[1]: Listening on Network Service Netlink Socket.
[[0;32m  OK  [0m] Listening on Network Service Netlink Socket.
[[0;32m  OK  [0m] Listening on /dev/initctl Compatibility Named Pipe.
[[0;32m  OK  [0m] Listening on udev Kernel Socket.
[[0;32m  OK  [0m] Listening on Journal Socket.
         Starting Load Kernel Modules...
[[0;32m  OK  [0m] Created slice system-serial\x2dgetty.slice.
         Mounting Kernel Debug File System...
         Starting Set the console keyboard layout...
[[0;32m  OK  [0m] Listening on udev Control Socket.
[[0;32m  OK  [0m] Reached target Swap.
[[0;32m  OK  [0m] Listening on LVM2 metadata daemon socket.
[[0;32m  OK  [0m] Listening on Syslog Socket.
         Mounting Huge Pages File System...
[[0;32m  OK  [0m] Listening on Device-mapper event daemon FIFOs.
         Starting Monitoring of LVM2 mirrorsâ€¦ng dmeventd or progress polling...
[[0;32m  OK  [0m] Listening on fsck to fsckd communication Socket.
         Starting Create list of required stâ€¦ce nodes for the current kernel...
[[0;32m  OK  [0m] Reached target User and Group Name Lookups.
         Starting Uncomplicated firewall...
[[0;32m  OK  [0m] Listening on LVM2 poll daemon socket.
         Starting udev Coldplug all Devices...
         Starting Remount Root and Kernel File Systems...
[[0;32m  OK  [0m] Listening on Journal Socket (/dev/log).
         Starting Journal Service...
         Mounting POSIX Message Queue File System...
[[0;32m  OK  [0m] Created slice User and Session Slice.
[[0;32m  OK  [0m] Reached target Slices.
[[0;32m  OK  [0m] Mounted Kernel Debug File System.
[[0;32m  OK  [0m] Mounted Huge Pages File System.
[[0;32m  OK  [0m] Mounted POSIX Message Queue File System.
[[0;32m  OK  [0m] Started Create list of required staâ€¦vice nodes for the current kernel.
         Starting Create Static Device Nodes in /dev...
[[0;32m  OK  [0m] Started LVM2 metadata daemon.
[[0;32m  OK  [0m] Started udev Coldplug all Devices.
[[0;32m  OK  [0m] Started Uncomplicated firewall.
[[0;32m  OK  [0m] Started Journal Service.
[    9.768955] Loading iSCSI transport class v2.0-870.
[    9.773079] iscsi: registered transport (tcp)
[    9.783715] iscsi: registered transport (iser)
[[0;32m  OK  [0m] Started Load Kernel Modules.
[    9.785498] EXT4-fs (sda1): re-mounted. Opts: (null)
         Mounting Kernel Configuration File System...
         Starting Apply Kernel Variables...
         Mounting FUSE Control File System...
[[0;32m  OK  [0m] Started Remount Root and Kernel File Systems.
[[0;32m  OK  [0m] Mounted Kernel Configuration File System.
         Starting Flush Journal to Persistent Storage...
         Starting Load/Save Random Seed...
[[0;32m  OK  [0m] Started Create Static Device Nodes in /dev.
[[0;32m  OK  [0m] Mounted FUSE Control File System.
         Starting udev Kernel Device Manager...
[[0;32m  OK  [0m] Started Apply Kernel Variables.
[[0;32m  OK  [0m] Started Monitoring of LVM2 mirrors,â€¦sing dmeventd or progress polling.
[[0;32m  OK  [0m] Started Load/Save Random Seed.
[[0;32m  OK  [0m] Started udev Kernel Device Manager.
[[0;32m  OK  [0m] Found device /dev/ttyS0.
[[0;32m  OK  [0m] Started Flush Journal to Persistent Storage.
[[0;32m  OK  [0m] Listening on Load/Save RF Kill Switch Status /dev/rfkill Watch.
[[0;32m  OK  [0m] Started Set the console keyboard layout.
[[0;32m  OK  [0m] Reached target Local File Systems (Pre).
[[0;32m  OK  [0m] Reached target Local File Systems.
         Starting AppArmor initialization...
         Starting Set console font and keymap...
         Starting Create Volatile Files and Directories...
         Starting Tell Plymouth To Write Out Runtime Data...
         Starting ebtables ruleset management...
[[0;32m  OK  [0m] Started Dispatch Password Requests to Console Directory Watch.
[[0;32m  OK  [0m] Reached target Local Encrypted Volumes.
[[0;32m  OK  [0m] Started Set console font and keymap.
[[0;32m  OK  [0m] Started Tell Plymouth To Write Out Runtime Data.
[[0;32m  OK  [0m] Started Create Volatile Files and Directories.
         Starting Update UTMP about System Boot/Shutdown...
[[0;32m  OK  [0m] Started Update UTMP about System Boot/Shutdown.
[[0;32m  OK  [0m] Started ebtables ruleset management.
[[0;32m  OK  [0m] Started AppArmor initialization.
         Starting Load AppArmor profiles managed internally by snapd...
         Starting Initial cloud-init job (pre-networking)...
[[0;32m  OK  [0m] Started Load AppArmor profiles managed internally by snapd.
[   11.529527] cloud-init[691]: Cloud-init v. 22.2-0ubuntu1~18.04.3 running 'init-local' at Sat, 23 Jul 2022 05:10:24 +0000. Up 11.41 seconds.
[[0;32m  OK  [0m] Started Initial cloud-init job (pre-networking).
[[0;32m  OK  [0m] Reached target Network (Pre).
         Starting Network Service...
[[0;32m  OK  [0m] Started Network Service.
         Starting Network Name Resolution...
         Starting Wait for Network to be Configured...
[[0;32m  OK  [0m] Started Network Name Resolution.
[[0;32m  OK  [0m] Reached target Host and Network Name Lookups.
[[0;32m  OK  [0m] Reached target Network.
[[0;32m  OK  [0m] Started Wait for Network to be Configured.
         Starting Initial cloud-init job (metadata service crawler)...
[   13.208414] cloud-init[814]: Cloud-init v. 22.2-0ubuntu1~18.04.3 running 'init' at Sat, 23 Jul 2022 05:10:25 +0000. Up 13.10 seconds.
[   13.211452] cloud-init[814]: ci-info: ++++++++++++++++++++++++++++++++++++++Net device info++++++++++++++++++++++++++++++++++++++
[   13.212659] cloud-init[814]: ci-info: +--------+------+----------------------------+---------------+--------+-------------------+
[   13.214033] cloud-init[814]: ci-info: | Device |  Up  |          Address           |      Mask     | Scope  |     Hw-Address    |
[   13.215210] cloud-init[814]: ci-info: +--------+------+----------------------------+---------------+--------+-------------------+
[   13.216379] cloud-init[814]: ci-info: | enp0s3 | True |         10.0.2.15          | 255.255.255.0 | global | 02:d6:f9:d9:5c:45 |
[   13.217529] cloud-init[814]: ci-info: | enp0s3 | True | fe80::d6:f9ff:fed9:5c45/64 |       .       |  link  | 02:d6:f9:d9:5c:45 |
[   13.218708] cloud-init[814]: ci-info: |   lo   | True |         127.0.0.1          |   255.0.0.0   |  host  |         .         |
[   13.219871] cloud-init[814]: ci-info: |   lo   | True |          ::1/128           |       .       |  host  |         .         |
[   13.221155] cloud-init[814]: ci-info: +--------+------+----------------------------+---------------+--------+-------------------+
[   13.222326] cloud-init[814]: ci-info: ++++++++++++++++++++++++++++Route IPv4 info+++++++++++++++++++++++++++++
[   13.223242] cloud-init[814]: ci-info: +-------+-------------+----------+-----------------+-----------+-------+
[   13.224385] cloud-init[814]: ci-info: | Route | Destination | Gateway  |     Genmask     | Interface | Flags |
[   13.225321] cloud-init[814]: ci-info: +-------+-------------+----------+-----------------+-----------+-------+
[   13.226600] cloud-init[814]: ci-info: |   0   |   0.0.0.0   | 10.0.2.2 |     0.0.0.0     |   enp0s3  |   UG  |
[   13.227773] cloud-init[814]: ci-info: |   1   |   10.0.2.0  | 0.0.0.0  |  255.255.255.0  |   enp0s3  |   U   |
[   13.228854] cloud-init[814]: ci-info: |   2   |   10.0.2.2  | 0.0.0.0  | 255.255.255.255 |   enp0s3  |   UH  |
[   13.229891] cloud-init[814]: ci-info: +-------+-------------+----------+-----------------+-----------+-------+
[   13.230863] cloud-init[814]: ci-info: +++++++++++++++++++Route IPv6 info+++++++++++++++++++
[   13.231743] cloud-init[814]: ci-info: +-------+-------------+---------+-----------+-------+
[   13.232681] cloud-init[814]: ci-info: | Route | Destination | Gateway | Interface | Flags |
[   13.233548] cloud-init[814]: ci-info: +-------+-------------+---------+-----------+-------+
[   13.234318] cloud-init[814]: ci-info: |   1   |  fe80::/64  |    ::   |   enp0s3  |   U   |
[   13.235292] cloud-init[814]: ci-info: |   3   |    local    |    ::   |   enp0s3  |   U   |
[   13.236176] cloud-init[814]: ci-info: |   4   |   ff00::/8  |    ::   |   enp0s3  |   U   |
[   13.248163] cloud-init[814]: ci-info: +-------+-------------+---------+-----------+-------+
[[0;32m  OK  [0m] Started Initial cloud-init job (metadata service crawler).
[[0;32m  OK  [0m] Reached target Cloud-config availability.
[[0;32m  OK  [0m] Reached target System Initialization.
[[0;32m  OK  [0m] Started Discard unused blocks once a week.
         Starting LXD - unix socket.
[[0;32m  OK  [0m] Listening on D-Bus System Message Bus Socket.
[[0;32m  OK  [0m] Started Daily Cleanup of Temporary Directories.
[[0;32m  OK  [0m] Listening on cloud-init hotplug hook socket.
         Starting Socket activation for snappy daemon.
[[0;32m  OK  [0m] Started Ubuntu Advantage Timer for running repeated jobs.
[[0;32m  OK  [0m] Listening on UUID daemon activation socket.
[[0;32m  OK  [0m] Started ACPI Events Check.
[[0;32m  OK  [0m] Listening on Open-iSCSI iscsid Socket.
[[0;32m  OK  [0m] Listening on ACPID Listen Socket.
[[0;32m  OK  [0m] Started Message of the Day.
[[0;32m  OK  [0m] Started Daily apt download activities.
[[0;32m  OK  [0m] Started Trigger to poll for Ubuntu â€¦(Only enabled on GCP LTS non-pro).
[[0;32m  OK  [0m] Reached target Paths.
[[0;32m  OK  [0m] Started Daily apt upgrade and clean activities.
[[0;32m  OK  [0m] Reached target Timers.
[[0;32m  OK  [0m] Reached target Network is Online.
[[0;32m  OK  [0m] Reached target Remote File Systems (Pre).
         Mounting /vagrant...
         Starting Availability of block devices...
         Mounting /home/vagrant/host-mirror...
[[0;32m  OK  [0m] Listening on LXD - unix socket.
[[0;32m  OK  [0m] Listening on Socket activation for snappy daemon.
[[0;32m  OK  [0m] Reached target Sockets.
[[0;32m  OK  [0m] Reached target Basic System.
[[0;32m  OK  [0m] Started D-Bus System Message Bus.
[[0;32m  OK  [0m] Started irqbalance daemon.
[[0;32m  OK  [0m] Started Deferred execution scheduler.
         Starting System Logging Service...
         Starting Dispatcher daemon for systemd-networkd...
[[0;32m  OK  [0m] Started FUSE filesystem for LXC.
         Starting Accounts Service...
         Starting Login Service...
         Starting OpenBSD Secure Shell server...
         Starting Virtualbox guest utils...
         Starting LXD - container startup/shutdown...
[[0;32m  OK  [0m] Started Regular background program processing daemon.
         Starting LSB: Record successful boot for GRUB...
         Starting Snap Daemon...
[[0;32m  OK  [0m] Mounted /vagrant.
[[0;32m  OK  [0m] Started Availability of block devices.
[[0;32m  OK  [0m] Mounted /home/vagrant/host-mirror.
[[0;32m  OK  [0m] Reached target Remote File Systems.
         Starting LSB: automatic crash report generation...
         Starting Permit User Sessions...
[[0;32m  OK  [0m] Started System Logging Service.
[[0;32m  OK  [0m] Started Login Service.
[[0;32m  OK  [0m] Started Unattended Upgrades Shutdown.
[[0;32m  OK  [0m] Started Permit User Sessions.
         Starting Terminate Plymouth Boot Screen...
         Starting Hold until boot process finishes up...
[[0;32m  OK  [0m] Started Hold until boot process finishes up.
[[0;32m  OK  [0m] Started Serial Getty on ttyS0.
         Starting Set console scheme...
[[0;32m  OK  [0m] Started Terminate Plymouth Boot Screen.
[[0;32m  OK  [0m] Started Set console scheme.
[[0;32m  OK  [0m] Created slice system-getty.slice.
[[0;32m  OK  [0m] Started Getty on tty1.
[[0;32m  OK  [0m] Reached target Login Prompts.
         Starting Authorization Manager...
[[0;32m  OK  [0m] Started OpenBSD Secure Shell server.
[[0;32m  OK  [0m] Started Virtualbox guest utils.
[[0;32m  OK  [0m] Started LSB: automatic crash report generation.
[[0;32m  OK  [0m] Started LSB: Record successful boot for GRUB.
[[0;32m  OK  [0m] Started Authorization Manager.
[[0;32m  OK  [0m] Started Accounts Service.
[[0;32m  OK  [0m] Started LXD - container startup/shutdown.
[[0;32m  OK  [0m] Started Dispatcher daemon for systemd-networkd.
[[0;32m  OK  [0m] Created slice User Slice of vagrant.
         Starting User Manager for UID 1000...
[[0;32m  OK  [0m] Started Session 1 of user vagrant.
[[0;32m  OK  [0m] Started User Manager for UID 1000.
[[0;32m  OK  [0m] Started Snap Daemon.
         Starting Wait until snapd is fully seeded...
         Starting Time & Date Service...
[[0;32m  OK  [0m] Started Time & Date Service.
[[0;32m  OK  [0m] Started Wait until snapd is fully seeded.
         Starting Apply the settings specified in cloud-config...
[[0;32m  OK  [0m] Reached target Multi-User System.
[[0;32m  OK  [0m] Reached target Graphical Interface.
         Starting Update UTMP about System Runlevel Changes...
[[0;32m  OK  [0m] Started Update UTMP about System Runlevel Changes.
[   14.869898] cloud-init[1321]: Cloud-init v. 22.2-0ubuntu1~18.04.3 running 'modules:config' at Sat, 23 Jul 2022 05:10:27 +0000. Up 14.80 seconds.
[[0;32m  OK  [0m] Started Apply the settings specified in cloud-config.
         Starting Execute cloud user/final scripts...
[   15.287673] cloud-init[1384]: Cloud-init v. 22.2-0ubuntu1~18.04.3 running 'modules:final' at Sat, 23 Jul 2022 05:10:28 +0000. Up 15.20 seconds.
[   15.288621] cloud-init[1384]: Cloud-init v. 22.2-0ubuntu1~18.04.3 finished at Sat, 23 Jul 2022 05:10:28 +0000. Datasource DataSourceNoCloud [seed=/dev/sdb][dsmode=net].  Up 15.28 seconds
[[0;32m  OK  [0m] Started Execute cloud user/final scripts.
[[0;32m  OK  [0m] Reached target Cloud-init target.

Ubuntu 18.04.6 LTS ubuntu-bionic ttyS0

ubuntu-bionic login:          Stopping Availability of block devices...
[[0;32m  OK  [0m] Closed Load/Save RF Kill Switch Status /dev/rfkill Watch.
[[0;32m  OK  [0m] Stopped target Timers.
[[0;32m  OK  [0m] Stopped Daily Cleanup of Temporary Directories.
[[0;32m  OK  [0m] Stopped Daily apt upgrade and clean activities.
[[0;32m  OK  [0m] Stopped Discard unused blocks once a week.
[[0;32m  OK  [0m] Stopped target Graphical Interface.
         Stopping User Manager for UID 1000...
[[0;32m  OK  [0m] Stopped target Cloud-init target.
[[0;32m  OK  [0m] Stopped Execute cloud user/final scripts.
[[0;32m  OK  [0m] Stopped Apply the settings specified in cloud-config.
[[0;32m  OK  [0m] Stopped target Cloud-config availability.
[[0;32m  OK  [0m] Stopped target Host and Network Name Lookups.
         Stopping Accounts Service...
         Stopping Authorization Manager...
[[0;32m  OK  [0m] Stopped target Multi-User System.
         Stopping FUSE filesystem for LXC...
[[0;32m  OK  [0m] Stopped Wait until snapd is fully seeded.
         Stopping LSB: Record successful boot for GRUB...
         Stopping LXD - container startup/shutdown...
         Stopping System Logging Service...
         Stopping irqbalance daemon...
         Stopping Deferred execution scheduler...
         Stopping Dispatcher daemon for systemd-networkd...
         Stopping D-Bus System Message Bus...
         Stopping LSB: automatic crash report generation...
[[0;32m  OK  [0m] Stopped Ubuntu Advantage Timer for running repeated jobs.
         Stopping Virtualbox guest utils...
         Stopping Regular background program processing daemon...
         Stopping OpenBSD Secure Shell server...
         Stopping Session 8 of user vagrant.
[[0;32m  OK  [0m] Stopped target Login Prompts.
         Stopping Getty on tty1...
         Stopping Serial Getty on ttyS0...
[[0;32m  OK  [0m] Stopped Daily apt download activities.
[[0;32m  OK  [0m] Stopped Message of the Day.
[[0;32m  OK  [0m] Stopped target System Time Sync[[0;32m  OK  [0m] Unmounted /var/lib/lxcfs.
[[0;32m  OK  [0m] Stopped irqbalance daemon.
[[0;32m  OK  [0m] Stopped Deferred execution scheduler.
[[0;32m  OK  [0m] Stopped System Logging Service.
[[0;32m  OK  [0m] Stopped Dispatcher daemon for systemd-networkd.
[[0;32m  OK  [0m] Stopped Regular background program processing daemon.
[[0;32m  OK  [0m] Stopped OpenBSD Secure Shell server.
[[0;32m  OK  [0m] Stopped Getty on tty1.
[[0;32m  OK  [0m] Stopped Serial Getty on ttyS0.
[[0;32m  OK  [0m] Stopped Accounts Service.
[[0;32m  OK  [0m] Stopped User Manager for UID 1000.
[[0;32m  OK  [0m] Stopped D-Bus System Message Bus.
[[0;32m  OK  [0m] Stopped Availability of block devices.
[[0;32m  OK  [0m] Stopped Session 8 of user vagrant.
[[0;32m  OK  [0m] Stopped Authorization Manager.
[[0;32m  OK  [0m] Removed slice User Slice of vagrant.
         Stopping Login Service...
[[0;32m  OK  [0m] Removed slice system-serial\x2dgetty.slice.
[[0;32m  OK  [0m] Removed slice system-getty.slice.
         Stopping Permit User Sessions...
[[0;32m  OK  [0m] Stopped LSB: Record successful boot for GRUB.
[[0;32m  OK  [0m] Stopped Permit User Sessions.
[[0;32m  OK  [0m] Stopped FUSE filesystem for LXC.
[[0;32m  OK  [0m] Stopped LXD - container startup/shutdown.
[[0;32m  OK  [0m] Stopped LSB: automatic crash report generation.
[[0;32m  OK  [0m] Stopped target Remote File Systems.
         Unmounting /vagrant...
         Unmounting /home/vagrant/host-mirror...
[[0;32m  OK  [0m] Stopped Virtualbox guest utils.
[[0;32m  OK  [0m] Unmounted /home/vagrant/host-mirror.
[[0;32m  OK  [0m] Unmounted /vagrant.
[[0;32m  OK  [0m] Stopped target Network is Online.
[[0;32m  OK  [0m] Stopped target Remote File Systems (Pre).
[[0;32m  OK  [0m] Stopped target Network.
         Stopping Network Name Resolution...
[[0;32m  OK  [0m] Stopped Login Service.
[[0;32m  OK  [0m] Stopped Network Name Resolution.
[[0;32m  OK  [0m] Stopped target Basic System.
[[0;32m  OK  [0m] Stopped target Paths.
[[0;32m  OK  [0m] Stopped ACPI Events Check.
[[0;32m  OK  [0m] Stopped Trigger to poll for Ubuntu â€¦(Only enabled on GCP LTS non-pro).
[[0;32m  OK  [0m] Stopped target Sockets.
[[0;32m  OK  [0m] Closed UUID daemon activation socket.
[[0;32m  OK  [0m] Closed Syslog Socket.
[[0;32m  OK  [0m] Closed Open-iSCSI iscsid Socket.
[[0;32m  OK  [0m] Closed ACPID Listen Socket.
[[0;32m  OK  [0m] Closed LXD - unix socket.
[[0;32m  OK  [0m] Closed Socket activation for snappy daemon.
[[0;32m  OK  [0m] Closed D-Bus System Message Bus Socket.
[[0;32m  OK  [0m] Closed cloud-init hotplug hook socket.
[[0;32m  OK  [0m] Stopped target Slices.
[[0;32m  OK  [0m] Stopped target User and Group Name Lookups.
[[0;32m  OK  [0m] Removed slice User and Session Slice.
[[0;32m  OK  [0m] Stopped target System Initialization.
[[0;32m  OK  [0m] Stopped Initial cloud-init job (metadata service crawler).
[[0;32m  OK  [0m] Stopped Wait for Network to be Configured.
         Stopping Network Service...
         Stopping Load/Save Random Seed...
[[0;32m  OK  [0m] Stopped target Local Encrypted Volumes.
[[0;32m  OK  [0m] Stopped Dispatch Password Requests to Console Directory Watch.
[[0;32m  OK  [0m] Stopped Forward Password Requests to Wall Directory Watch.
         Stopping Update UTMP about System Boot/Shutdown...
[[0;32m  OK  [0m] Stopped Load/Save Random Seed.
[[0;32m  OK  [0m] Stopped Update UTMP about System Boot/Shutdown.
[[0;32m  OK  [0m] Stopped Create Volatile Files and Directories.
[[0;32m  OK  [0m] Stopped target Local File Systems.
         Unmounting /run/user/1000...
[[0;32m  OK  [0m] Stopped Network Service.
[[0;32m  OK  [0m] Stopped Apply Kernel Variables.
[[0;32m  OK  [0m] Stopped Load Kernel Modules.
[[0;32m  OK  [0m] Stopped target Network (Pre).
[[0;32m  OK  [0m] Stopped Initial cloud-init job (pre-networking).
[[0;32m  OK  [0m] Unmounted /run/user/1000.
[[0;32m  OK  [0m] Reached target Unmount All Filesystems.
[[0;32m  OK  [0m] Stopped target Local File Systems (Pre).
[[0;32m  OK  [0m] Stopped Create Static Device Nodes in /dev.
         Stopping Monitoring of LVM2 mirrorsâ€¦ng dmeventd or progress polling...
[[0;32m  OK  [0m] Stopped Remount Root and Kernel File Systems.
[[0;32m  OK  [0m] Stopped target Swap.
[[0;32m  OK  [0m] Reached target Shutdown.
[[0;32m  OK  [0m] Reached target Final Step.
         Starting Power-Off...
[[0;32m  OK  [0m] Stopped Monitoring of LVM2 mirrors,â€¦sing dmeventd or progress polling.
         Stopping LVM2 metadata daemon...
[[0;32m  OK  [0m] Stopped LVM2 metadata daemon.
[ 6452.546524] reboot: Power down
